--- autogen-classlist ---
A::B::C1
A::Child
A::Dup
A::Parent
C::D
Z
--- invalid: class in method ---
test/cli/autogen-classlist/b.rb:4: class definition in method body https://srb.help/2001
     4 |  class InMethod; end # Not allowed
          ^^^^^
Errors: 1

