Content-Length: 268

{"jsonrpc":"2.0","id":0,"requestMethod":"initialize","result":{"capabilities":{"textDocumentSync":1,"hoverProvider":true,"definitionProvider":true,"typeDefinitionProvider":true,"referencesProvider":true,"documentSymbolProvider":false,"workspaceSymbolProvider":false}}}Content-Length: 65

{"jsonrpc":"2.0","id":1,"requestMethod":"shutdown","result":null}