???: YAML syntax error parsing file test/cli/configatron-yaml-error/configatron-yaml-error.yaml: end of map not found https://srb.help/4020
Errors: 1
