-e:2: unexpected token $end https://srb.help/2001
     2 |# typed: true
                    ^
