5c5
< sig { params(stuff: T::Array).void }
---
> sig { params(stuff: T::Array[T.untyped]).void }
8c8
< sig { params(stuff: T::Hash).void }
---
> sig { params(stuff: T::Hash[T.untyped, T.untyped]).void }
11c11
< sig { params(stuff: T::Set).void }
---
> sig { params(stuff: T::Set[T.untyped]).void }
14c14
< sig { params(stuff: T::Range).void }
---
> sig { params(stuff: T::Range[T.untyped]).void }
17c17
< sig { params(stuff: T::Enumerable).void }
---
> sig { params(stuff: T::Enumerable[T.untyped]).void }
20c20
< sig { params(stuff: T::Enumerator).void }
---
> sig { params(stuff: T::Enumerator[T.untyped]).void }
